2025-04-12 19:55:54,427 - __main__ - INFO - Запуск функции для чтения json файла с аргументом: operations.json
2025-04-12 19:55:54,427 - __main__ - ERROR - Ошибка, файл не найден [Errno 2] No such file or directory: 'operations.json'
Traceback (most recent call last):
  File "C:\Users\Rendy\PycharmProjects\PythonProject1\src\utils.py", line 17, in read_json_file
    with open(file_path, "r", encoding="utf-8") as file:
         ~~~~^^^^^^^^^^^^^^^^^^^^^^^^^^^^^^^^^^
FileNotFoundError: [Errno 2] No such file or directory: 'operations.json'
2025-04-12 19:57:31,550 - __main__ - INFO - Запуск функции для чтения json файла с аргументом: ../data/operations.json
2025-04-12 19:57:31,551 - __main__ - INFO - Успешное чтение JSON файла ../data/operations.json
2025-04-14 16:25:25,717 - utils - INFO - Запуск функции для чтения json файла с аргументом: file.json
2025-04-14 16:25:25,718 - utils - INFO - Успешное чтение JSON файла file.json
2025-04-14 16:25:25,721 - utils - INFO - Запуск функции для чтения json файла с аргументом: fake.json
2025-04-14 16:25:25,724 - utils - ERROR - Ошибка: файл содержит некорректный JSON: Expecting value: line 1 column 1 (char 0)
Traceback (most recent call last):
  File "C:\Users\Rendy\PycharmProjects\PythonProject1\src\utils.py", line 18, in read_json_file
    data = json.load(file)
  File "C:\Users\Rendy\AppData\Local\Programs\Python\Python313\Lib\unittest\mock.py", line 1167, in __call__
    return self._mock_call(*args, **kwargs)
           ~~~~~~~~~~~~~~~^^^^^^^^^^^^^^^^^
  File "C:\Users\Rendy\AppData\Local\Programs\Python\Python313\Lib\unittest\mock.py", line 1171, in _mock_call
    return self._execute_mock_call(*args, **kwargs)
           ~~~~~~~~~~~~~~~~~~~~~~~^^^^^^^^^^^^^^^^^
  File "C:\Users\Rendy\AppData\Local\Programs\Python\Python313\Lib\unittest\mock.py", line 1226, in _execute_mock_call
    raise effect
json.decoder.JSONDecodeError: Expecting value: line 1 column 1 (char 0)
2025-04-14 16:44:30,995 - utils - INFO - Запуск функции для чтения json файла с аргументом: file.json
2025-04-14 16:44:30,995 - utils - INFO - Успешное чтение JSON файла file.json
2025-04-14 16:44:30,997 - utils - INFO - Запуск функции для чтения json файла с аргументом: fake.json
2025-04-14 16:44:31,000 - utils - ERROR - Ошибка: файл содержит некорректный JSON: Expecting value: line 1 column 1 (char 0)
Traceback (most recent call last):
  File "C:\Users\Rendy\PycharmProjects\PythonProject1\src\utils.py", line 18, in read_json_file
    data = json.load(file)
  File "C:\Users\Rendy\AppData\Local\Programs\Python\Python313\Lib\unittest\mock.py", line 1167, in __call__
    return self._mock_call(*args, **kwargs)
           ~~~~~~~~~~~~~~~^^^^^^^^^^^^^^^^^
  File "C:\Users\Rendy\AppData\Local\Programs\Python\Python313\Lib\unittest\mock.py", line 1171, in _mock_call
    return self._execute_mock_call(*args, **kwargs)
           ~~~~~~~~~~~~~~~~~~~~~~~^^^^^^^^^^^^^^^^^
  File "C:\Users\Rendy\AppData\Local\Programs\Python\Python313\Lib\unittest\mock.py", line 1226, in _execute_mock_call
    raise effect
json.decoder.JSONDecodeError: Expecting value: line 1 column 1 (char 0)
2025-04-14 16:59:18,672 - utils - INFO - Запуск функции для чтения json файла с аргументом: file.json
2025-04-14 16:59:18,673 - utils - INFO - Успешное чтение JSON файла file.json
2025-04-14 16:59:18,675 - utils - INFO - Запуск функции для чтения json файла с аргументом: fake.json
2025-04-14 16:59:18,677 - utils - ERROR - Ошибка: файл содержит некорректный JSON: Expecting value: line 1 column 1 (char 0)
Traceback (most recent call last):
  File "C:\Users\Rendy\PycharmProjects\PythonProject1\src\utils.py", line 20, in read_json_file
    data = json.load(file)
  File "C:\Users\Rendy\AppData\Local\Programs\Python\Python313\Lib\unittest\mock.py", line 1167, in __call__
    return self._mock_call(*args, **kwargs)
           ~~~~~~~~~~~~~~~^^^^^^^^^^^^^^^^^
  File "C:\Users\Rendy\AppData\Local\Programs\Python\Python313\Lib\unittest\mock.py", line 1171, in _mock_call
    return self._execute_mock_call(*args, **kwargs)
           ~~~~~~~~~~~~~~~~~~~~~~~^^^^^^^^^^^^^^^^^
  File "C:\Users\Rendy\AppData\Local\Programs\Python\Python313\Lib\unittest\mock.py", line 1226, in _execute_mock_call
    raise effect
json.decoder.JSONDecodeError: Expecting value: line 1 column 1 (char 0)
2025-04-14 16:59:46,556 - utils - INFO - Запуск функции для чтения json файла с аргументом: file.json
2025-04-14 16:59:46,556 - utils - INFO - Успешное чтение JSON файла file.json
2025-04-14 16:59:46,557 - utils - INFO - Запуск функции для чтения json файла с аргументом: fake.json
2025-04-14 16:59:46,558 - utils - ERROR - Ошибка: файл содержит некорректный JSON: Expecting value: line 1 column 1 (char 0)
Traceback (most recent call last):
  File "C:\Users\Rendy\PycharmProjects\PythonProject1\src\utils.py", line 20, in read_json_file
    data = json.load(file)
  File "C:\Users\Rendy\AppData\Local\Programs\Python\Python313\Lib\unittest\mock.py", line 1167, in __call__
    return self._mock_call(*args, **kwargs)
           ~~~~~~~~~~~~~~~^^^^^^^^^^^^^^^^^
  File "C:\Users\Rendy\AppData\Local\Programs\Python\Python313\Lib\unittest\mock.py", line 1171, in _mock_call
    return self._execute_mock_call(*args, **kwargs)
           ~~~~~~~~~~~~~~~~~~~~~~~^^^^^^^^^^^^^^^^^
  File "C:\Users\Rendy\AppData\Local\Programs\Python\Python313\Lib\unittest\mock.py", line 1226, in _execute_mock_call
    raise effect
json.decoder.JSONDecodeError: Expecting value: line 1 column 1 (char 0)
2025-04-14 17:18:59,418 - utils - INFO - Запуск функции для чтения json файла с аргументом: file.json
2025-04-14 17:18:59,418 - utils - INFO - Успешное чтение JSON файла file.json
2025-04-14 17:18:59,420 - utils - INFO - Запуск функции для чтения json файла с аргументом: fake.json
2025-04-14 17:18:59,421 - utils - ERROR - Ошибка: файл содержит некорректный JSON: Expecting value: line 1 column 1 (char 0)
Traceback (most recent call last):
  File "C:\Users\Rendy\PycharmProjects\PythonProject1\src\utils.py", line 20, in read_json_file
    data = json.load(file)
  File "C:\Users\Rendy\AppData\Local\Programs\Python\Python313\Lib\unittest\mock.py", line 1167, in __call__
    return self._mock_call(*args, **kwargs)
           ~~~~~~~~~~~~~~~^^^^^^^^^^^^^^^^^
  File "C:\Users\Rendy\AppData\Local\Programs\Python\Python313\Lib\unittest\mock.py", line 1171, in _mock_call
    return self._execute_mock_call(*args, **kwargs)
           ~~~~~~~~~~~~~~~~~~~~~~~^^^^^^^^^^^^^^^^^
  File "C:\Users\Rendy\AppData\Local\Programs\Python\Python313\Lib\unittest\mock.py", line 1226, in _execute_mock_call
    raise effect
json.decoder.JSONDecodeError: Expecting value: line 1 column 1 (char 0)
2025-04-14 17:31:09,880 - utils - INFO - Запуск функции для чтения json файла с аргументом: file.json
2025-04-14 17:31:09,880 - utils - INFO - Успешное чтение JSON файла file.json
2025-04-14 17:31:09,882 - utils - INFO - Запуск функции для чтения json файла с аргументом: fake.json
2025-04-14 17:31:09,882 - utils - ERROR - Ошибка: файл содержит некорректный JSON: Expecting value: line 1 column 1 (char 0)
Traceback (most recent call last):
  File "C:\Users\Rendy\PycharmProjects\PythonProject1\src\utils.py", line 20, in read_json_file
    data = json.load(file)
  File "C:\Users\Rendy\AppData\Local\Programs\Python\Python313\Lib\unittest\mock.py", line 1167, in __call__
    return self._mock_call(*args, **kwargs)
           ~~~~~~~~~~~~~~~^^^^^^^^^^^^^^^^^
  File "C:\Users\Rendy\AppData\Local\Programs\Python\Python313\Lib\unittest\mock.py", line 1171, in _mock_call
    return self._execute_mock_call(*args, **kwargs)
           ~~~~~~~~~~~~~~~~~~~~~~~^^^^^^^^^^^^^^^^^
  File "C:\Users\Rendy\AppData\Local\Programs\Python\Python313\Lib\unittest\mock.py", line 1226, in _execute_mock_call
    raise effect
json.decoder.JSONDecodeError: Expecting value: line 1 column 1 (char 0)
2025-04-14 17:53:42,643 - utils - INFO - Запуск функции для чтения json файла с аргументом: file.json
2025-04-14 17:53:42,644 - utils - INFO - Успешное чтение JSON файла file.json
2025-04-14 17:53:42,646 - utils - INFO - Запуск функции для чтения json файла с аргументом: fake.json
2025-04-14 17:53:42,646 - utils - ERROR - Ошибка: файл содержит некорректный JSON: Expecting value: line 1 column 1 (char 0)
Traceback (most recent call last):
  File "C:\Users\Rendy\PycharmProjects\PythonProject1\src\utils.py", line 20, in read_json_file
    data = json.load(file)
  File "C:\Users\Rendy\AppData\Local\Programs\Python\Python313\Lib\unittest\mock.py", line 1167, in __call__
    return self._mock_call(*args, **kwargs)
           ~~~~~~~~~~~~~~~^^^^^^^^^^^^^^^^^
  File "C:\Users\Rendy\AppData\Local\Programs\Python\Python313\Lib\unittest\mock.py", line 1171, in _mock_call
    return self._execute_mock_call(*args, **kwargs)
           ~~~~~~~~~~~~~~~~~~~~~~~^^^^^^^^^^^^^^^^^
  File "C:\Users\Rendy\AppData\Local\Programs\Python\Python313\Lib\unittest\mock.py", line 1226, in _execute_mock_call
    raise effect
json.decoder.JSONDecodeError: Expecting value: line 1 column 1 (char 0)
2025-04-14 17:54:01,684 - utils - INFO - Запуск функции для чтения json файла с аргументом: file.json
2025-04-14 17:54:01,684 - utils - INFO - Успешное чтение JSON файла file.json
2025-04-14 17:54:01,686 - utils - INFO - Запуск функции для чтения json файла с аргументом: fake.json
2025-04-14 17:54:01,686 - utils - ERROR - Ошибка: файл содержит некорректный JSON: Expecting value: line 1 column 1 (char 0)
Traceback (most recent call last):
  File "C:\Users\Rendy\PycharmProjects\PythonProject1\src\utils.py", line 20, in read_json_file
    data = json.load(file)
  File "C:\Users\Rendy\AppData\Local\Programs\Python\Python313\Lib\unittest\mock.py", line 1167, in __call__
    return self._mock_call(*args, **kwargs)
           ~~~~~~~~~~~~~~~^^^^^^^^^^^^^^^^^
  File "C:\Users\Rendy\AppData\Local\Programs\Python\Python313\Lib\unittest\mock.py", line 1171, in _mock_call
    return self._execute_mock_call(*args, **kwargs)
           ~~~~~~~~~~~~~~~~~~~~~~~^^^^^^^^^^^^^^^^^
  File "C:\Users\Rendy\AppData\Local\Programs\Python\Python313\Lib\unittest\mock.py", line 1226, in _execute_mock_call
    raise effect
json.decoder.JSONDecodeError: Expecting value: line 1 column 1 (char 0)
2025-04-14 18:00:23,139 - utils - INFO - Запуск функции для чтения json файла с аргументом: file.json
2025-04-14 18:00:23,140 - utils - INFO - Успешное чтение JSON файла file.json
2025-04-14 18:00:23,141 - utils - INFO - Запуск функции для чтения json файла с аргументом: fake.json
2025-04-14 18:00:23,142 - utils - ERROR - Ошибка: файл содержит некорректный JSON: Expecting value: line 1 column 1 (char 0)
Traceback (most recent call last):
  File "C:\Users\Rendy\PycharmProjects\PythonProject1\src\utils.py", line 20, in read_json_file
    data = json.load(file)
  File "C:\Users\Rendy\AppData\Local\Programs\Python\Python313\Lib\unittest\mock.py", line 1167, in __call__
    return self._mock_call(*args, **kwargs)
           ~~~~~~~~~~~~~~~^^^^^^^^^^^^^^^^^
  File "C:\Users\Rendy\AppData\Local\Programs\Python\Python313\Lib\unittest\mock.py", line 1171, in _mock_call
    return self._execute_mock_call(*args, **kwargs)
           ~~~~~~~~~~~~~~~~~~~~~~~^^^^^^^^^^^^^^^^^
  File "C:\Users\Rendy\AppData\Local\Programs\Python\Python313\Lib\unittest\mock.py", line 1226, in _execute_mock_call
    raise effect
json.decoder.JSONDecodeError: Expecting value: line 1 column 1 (char 0)
2025-04-14 18:02:45,284 - utils - INFO - Запуск функции для чтения json файла с аргументом: file.json
2025-04-14 18:02:45,284 - utils - INFO - Успешное чтение JSON файла file.json
2025-04-14 18:02:45,286 - utils - INFO - Запуск функции для чтения json файла с аргументом: fake.json
2025-04-14 18:02:45,287 - utils - ERROR - Ошибка: файл содержит некорректный JSON: Expecting value: line 1 column 1 (char 0)
Traceback (most recent call last):
  File "C:\Users\Rendy\PycharmProjects\PythonProject1\src\utils.py", line 20, in read_json_file
    data = json.load(file)
  File "C:\Users\Rendy\AppData\Local\Programs\Python\Python313\Lib\unittest\mock.py", line 1167, in __call__
    return self._mock_call(*args, **kwargs)
           ~~~~~~~~~~~~~~~^^^^^^^^^^^^^^^^^
  File "C:\Users\Rendy\AppData\Local\Programs\Python\Python313\Lib\unittest\mock.py", line 1171, in _mock_call
    return self._execute_mock_call(*args, **kwargs)
           ~~~~~~~~~~~~~~~~~~~~~~~^^^^^^^^^^^^^^^^^
  File "C:\Users\Rendy\AppData\Local\Programs\Python\Python313\Lib\unittest\mock.py", line 1226, in _execute_mock_call
    raise effect
json.decoder.JSONDecodeError: Expecting value: line 1 column 1 (char 0)
2025-04-14 18:03:08,605 - utils - INFO - Запуск функции для чтения json файла с аргументом: file.json
2025-04-14 18:03:08,606 - utils - INFO - Успешное чтение JSON файла file.json
2025-04-14 18:03:08,607 - utils - INFO - Запуск функции для чтения json файла с аргументом: fake.json
2025-04-14 18:03:08,608 - utils - ERROR - Ошибка: файл содержит некорректный JSON: Expecting value: line 1 column 1 (char 0)
Traceback (most recent call last):
  File "C:\Users\Rendy\PycharmProjects\PythonProject1\src\utils.py", line 20, in read_json_file
    data = json.load(file)
  File "C:\Users\Rendy\AppData\Local\Programs\Python\Python313\Lib\unittest\mock.py", line 1167, in __call__
    return self._mock_call(*args, **kwargs)
           ~~~~~~~~~~~~~~~^^^^^^^^^^^^^^^^^
  File "C:\Users\Rendy\AppData\Local\Programs\Python\Python313\Lib\unittest\mock.py", line 1171, in _mock_call
    return self._execute_mock_call(*args, **kwargs)
           ~~~~~~~~~~~~~~~~~~~~~~~^^^^^^^^^^^^^^^^^
  File "C:\Users\Rendy\AppData\Local\Programs\Python\Python313\Lib\unittest\mock.py", line 1226, in _execute_mock_call
    raise effect
json.decoder.JSONDecodeError: Expecting value: line 1 column 1 (char 0)
2025-04-14 18:06:52,165 - utils - INFO - Запуск функции для чтения json файла с аргументом: file.json
2025-04-14 18:06:52,165 - utils - INFO - Успешное чтение JSON файла file.json
2025-04-14 18:06:52,168 - utils - INFO - Запуск функции для чтения json файла с аргументом: fake.json
2025-04-14 18:06:52,169 - utils - ERROR - Ошибка: файл содержит некорректный JSON: Expecting value: line 1 column 1 (char 0)
Traceback (most recent call last):
  File "C:\Users\Rendy\PycharmProjects\PythonProject1\src\utils.py", line 20, in read_json_file
    data = json.load(file)
  File "C:\Users\Rendy\AppData\Local\Programs\Python\Python313\Lib\unittest\mock.py", line 1167, in __call__
    return self._mock_call(*args, **kwargs)
           ~~~~~~~~~~~~~~~^^^^^^^^^^^^^^^^^
  File "C:\Users\Rendy\AppData\Local\Programs\Python\Python313\Lib\unittest\mock.py", line 1171, in _mock_call
    return self._execute_mock_call(*args, **kwargs)
           ~~~~~~~~~~~~~~~~~~~~~~~^^^^^^^^^^^^^^^^^
  File "C:\Users\Rendy\AppData\Local\Programs\Python\Python313\Lib\unittest\mock.py", line 1226, in _execute_mock_call
    raise effect
json.decoder.JSONDecodeError: Expecting value: line 1 column 1 (char 0)
2025-04-14 18:08:56,983 - utils - INFO - Запуск функции для чтения json файла с аргументом: file.json
2025-04-14 18:08:56,983 - utils - INFO - Успешное чтение JSON файла file.json
2025-04-14 18:08:56,985 - utils - INFO - Запуск функции для чтения json файла с аргументом: fake.json
2025-04-14 18:08:56,985 - utils - ERROR - Ошибка: файл содержит некорректный JSON: Expecting value: line 1 column 1 (char 0)
Traceback (most recent call last):
  File "C:\Users\Rendy\PycharmProjects\PythonProject1\src\utils.py", line 20, in read_json_file
    data = json.load(file)
  File "C:\Users\Rendy\AppData\Local\Programs\Python\Python313\Lib\unittest\mock.py", line 1167, in __call__
    return self._mock_call(*args, **kwargs)
           ~~~~~~~~~~~~~~~^^^^^^^^^^^^^^^^^
  File "C:\Users\Rendy\AppData\Local\Programs\Python\Python313\Lib\unittest\mock.py", line 1171, in _mock_call
    return self._execute_mock_call(*args, **kwargs)
           ~~~~~~~~~~~~~~~~~~~~~~~^^^^^^^^^^^^^^^^^
  File "C:\Users\Rendy\AppData\Local\Programs\Python\Python313\Lib\unittest\mock.py", line 1226, in _execute_mock_call
    raise effect
json.decoder.JSONDecodeError: Expecting value: line 1 column 1 (char 0)
2025-04-14 18:14:35,927 - utils - INFO - Запуск функции для чтения json файла с аргументом: file.json
2025-04-14 18:14:35,927 - utils - INFO - Успешное чтение JSON файла file.json
2025-04-14 18:14:35,929 - utils - INFO - Запуск функции для чтения json файла с аргументом: fake.json
2025-04-14 18:14:35,929 - utils - ERROR - Ошибка: файл содержит некорректный JSON: Expecting value: line 1 column 1 (char 0)
Traceback (most recent call last):
  File "C:\Users\Rendy\PycharmProjects\PythonProject1\src\utils.py", line 20, in read_json_file
    data = json.load(file)
  File "C:\Users\Rendy\AppData\Local\Programs\Python\Python313\Lib\unittest\mock.py", line 1167, in __call__
    return self._mock_call(*args, **kwargs)
           ~~~~~~~~~~~~~~~^^^^^^^^^^^^^^^^^
  File "C:\Users\Rendy\AppData\Local\Programs\Python\Python313\Lib\unittest\mock.py", line 1171, in _mock_call
    return self._execute_mock_call(*args, **kwargs)
           ~~~~~~~~~~~~~~~~~~~~~~~^^^^^^^^^^^^^^^^^
  File "C:\Users\Rendy\AppData\Local\Programs\Python\Python313\Lib\unittest\mock.py", line 1226, in _execute_mock_call
    raise effect
json.decoder.JSONDecodeError: Expecting value: line 1 column 1 (char 0)
2025-04-14 18:14:44,739 - utils - INFO - Запуск функции для чтения json файла с аргументом: file.json
2025-04-14 18:14:44,739 - utils - INFO - Успешное чтение JSON файла file.json
2025-04-14 18:14:44,741 - utils - INFO - Запуск функции для чтения json файла с аргументом: fake.json
2025-04-14 18:14:44,741 - utils - ERROR - Ошибка: файл содержит некорректный JSON: Expecting value: line 1 column 1 (char 0)
Traceback (most recent call last):
  File "C:\Users\Rendy\PycharmProjects\PythonProject1\src\utils.py", line 20, in read_json_file
    data = json.load(file)
  File "C:\Users\Rendy\AppData\Local\Programs\Python\Python313\Lib\unittest\mock.py", line 1167, in __call__
    return self._mock_call(*args, **kwargs)
           ~~~~~~~~~~~~~~~^^^^^^^^^^^^^^^^^
  File "C:\Users\Rendy\AppData\Local\Programs\Python\Python313\Lib\unittest\mock.py", line 1171, in _mock_call
    return self._execute_mock_call(*args, **kwargs)
           ~~~~~~~~~~~~~~~~~~~~~~~^^^^^^^^^^^^^^^^^
  File "C:\Users\Rendy\AppData\Local\Programs\Python\Python313\Lib\unittest\mock.py", line 1226, in _execute_mock_call
    raise effect
json.decoder.JSONDecodeError: Expecting value: line 1 column 1 (char 0)
2025-04-14 18:21:07,721 - utils - INFO - Запуск функции для чтения json файла с аргументом: file.json
2025-04-14 18:21:07,721 - utils - INFO - Успешное чтение JSON файла file.json
2025-04-14 18:21:07,725 - utils - INFO - Запуск функции для чтения json файла с аргументом: fake.json
2025-04-14 18:21:07,725 - utils - ERROR - Ошибка: файл содержит некорректный JSON: Expecting value: line 1 column 1 (char 0)
Traceback (most recent call last):
  File "C:\Users\Rendy\PycharmProjects\PythonProject1\src\utils.py", line 20, in read_json_file
    data = json.load(file)
  File "C:\Users\Rendy\AppData\Local\Programs\Python\Python313\Lib\unittest\mock.py", line 1167, in __call__
    return self._mock_call(*args, **kwargs)
           ~~~~~~~~~~~~~~~^^^^^^^^^^^^^^^^^
  File "C:\Users\Rendy\AppData\Local\Programs\Python\Python313\Lib\unittest\mock.py", line 1171, in _mock_call
    return self._execute_mock_call(*args, **kwargs)
           ~~~~~~~~~~~~~~~~~~~~~~~^^^^^^^^^^^^^^^^^
  File "C:\Users\Rendy\AppData\Local\Programs\Python\Python313\Lib\unittest\mock.py", line 1226, in _execute_mock_call
    raise effect
json.decoder.JSONDecodeError: Expecting value: line 1 column 1 (char 0)
